// Jest Snapshot v1, https://goo.gl/fbAQLP

exports[`content component is rendered normally 1`] = `
<div
  className="content"
/>
`;
